<html>
<body>
<pre>
<h1>µVision Build Log</h1>
<h2>Tool Versions:</h2>
IDE-Version: µVision V5.29.0.0
Copyright (C) 2019 ARM Ltd and ARM Germany GmbH. All rights reserved.
License Information: / /, /, LIC=----
 
Tool Versions:
Toolchain:       MDK-Lite  Version: 5.29.0.0
Toolchain Path:  C:\Keil_v5\ARM\ARMCC\Bin
C Compiler:      Armcc.exe V5.06 update 6 (build 750)
Assembler:       Armasm.exe V5.06 update 6 (build 750)
Linker/Locator:  ArmLink.exe V5.06 update 6 (build 750)
Library Manager: ArmAr.exe V5.06 update 6 (build 750)
Hex Converter:   FromElf.exe V5.06 update 6 (build 750)
CPU DLL:         SARMCM3.DLL V5.29.0.0
Dialog DLL:      DARMCM1.DLL V1.19.2.0
Target DLL:      STLink\ST-LINKIII-KEIL_SWO.dll V3.0.7.0
Dialog DLL:      TARMCM1.DLL V1.14.1.0
 
<h2>Project:</h2>
C:\Users\Administrador\Desktop\Eletronica-GitHub\embedded-systems\LCD with matrix keyboard\MDK-ARM\LCD with matrix keyboard.uvprojx
Project File Date:  07/27/2021

<h2>Output:</h2>
*** Using Compiler 'V5.06 update 6 (build 750)', folder: 'C:\Keil_v5\ARM\ARMCC\Bin'
Build target 'LCD with matrix keyboard'
compiling stm32l0xx_it.c...
compiling stm32l0xx_hal_tim_ex.c...
compiling stm32l0xx_hal_tim.c...
compiling gpio.c...
compiling usart.c...
compiling stm32l0xx_hal_msp.c...
compiling main.c...
../Src/main.c(304): warning:  #188-D: enumerated type mixed with another type
  	HAL_GPIO_WritePin(LCD_RW_GPIO_Port, LCD_RW_Pin, rw_mode);
../Src/main.c(494): warning:  #188-D: enumerated type mixed with another type
  	HAL_GPIO_WritePin(LCD_RS_GPIO_Port, LCD_RS_Pin, DATA);
../Src/main.c: 2 warnings, 0 errors
compiling stm32l0xx_hal_uart.c...
compiling stm32l0xx_hal_uart_ex.c...
compiling stm32l0xx_hal_flash_ramfunc.c...
compiling stm32l0xx_hal_i2c_ex.c...
compiling stm32l0xx_hal_rcc_ex.c...
compiling stm32l0xx_hal.c...
compiling stm32l0xx_hal_flash_ex.c...
compiling stm32l0xx_hal_flash.c...
compiling stm32l0xx_hal_rcc.c...
compiling stm32l0xx_hal_i2c.c...
compiling system_stm32l0xx.c...
compiling stm32l0xx_hal_pwr_ex.c...
compiling stm32l0xx_hal_cortex.c...
compiling stm32l0xx_hal_pwr.c...
compiling stm32l0xx_hal_dma.c...
compiling stm32l0xx_hal_gpio.c...
linking...
Program Size: Code=7448 RO-data=296 RW-data=60 ZI-data=1156  
FromELF: creating hex file...
"LCD with matrix keyboard\LCD with matrix keyboard.axf" - 0 Error(s), 2 Warning(s).

<h2>Software Packages used:</h2>

Package Vendor: ARM
                http://www.keil.com/pack/ARM.CMSIS.5.6.0.pack
                ARM.CMSIS.5.6.0
                CMSIS (Cortex Microcontroller Software Interface Standard)
   * Component: CORE Version: 5.3.0

Package Vendor: Keil
                http://www.keil.com/pack/Keil.STM32L0xx_DFP.2.0.1.pack
                Keil.STM32L0xx_DFP.2.0.1
                STMicroelectronics STM32L0 Series Device Support, Drivers and Examples

<h2>Collection of Component include folders:</h2>
  .\RTE\_LCD_with_matrix_keyboard
  C:\Keil_v5\ARM\PACK\ARM\CMSIS\5.6.0\CMSIS\Core\Include
  C:\Keil_v5\ARM\PACK\Keil\STM32L0xx_DFP\2.0.1\Drivers\CMSIS\Device\ST\STM32L0xx\Include

<h2>Collection of Component Files used:</h2>

   * Component: ARM::CMSIS:CORE:5.3.0
Build Time Elapsed:  00:00:07
</pre>
</body>
</html>
